src/pages/admin/AdminAuditLog.tsx(2,46): error TS6133: 'Filter' is declared but its value is never read.
src/pages/admin/AdminConfiguration.tsx(2,36): error TS6133: 'Shield' is declared but its value is never read.
src/pages/admin/AdminConfiguration.tsx(2,44): error TS6133: 'Bell' is declared but its value is never read.
src/pages/admin/AdminConfiguration.tsx(2,50): error TS6133: 'Globe' is declared but its value is never read.
src/pages/BookAppointment.tsx(2,1): error TS6133: 'Link' is declared but its value is never read.
src/pages/BookAppointment.tsx(3,46): error TS6133: 'CalendarDays' is declared but its value is never read.
src/pages/BookAppointment.tsx(3,60): error TS6133: 'Clock' is declared but its value is never read.
src/pages/BookAppointment.tsx(10,28): error TS6133: 'setSelectedDoctor' is declared but its value is never read.
src/pages/DoctorDashboard.tsx(1,1): error TS6133: 'useState' is declared but its value is never read.
src/pages/DoctorDashboard.tsx(5,68): error TS6133: 'ArrowRight' is declared but its value is never read.
src/pages/DoctorDashboard.tsx(5,80): error TS6133: 'Play' is declared but its value is never read.
src/pages/DoctorDashboard.tsx(9,11): error TS6133: 'user' is declared but its value is never read.
src/pages/EmrEditor.tsx(2,16): error TS6133: 'Plus' is declared but its value is never read.
src/pages/EmrEditor.tsx(2,22): error TS6133: 'X' is declared but its value is never read.
src/pages/EmrViewer.tsx(2,44): error TS6133: 'Filter' is declared but its value is never read.
src/pages/Home.tsx(5,61): error TS6133: 'CheckCircle2' is declared but its value is never read.
src/pages/Home.tsx(5,75): error TS6133: 'Activity' is declared but its value is never read.
src/pages/PatientDashboard.tsx(4,68): error TS6133: 'CreditCard' is declared but its value is never read.
src/pages/QRScanner.tsx(2,20): error TS6133: 'Clipboard' is declared but its value is never read.
src/pages/QRScanner.tsx(2,44): error TS6133: 'CalendarDays' is declared but its value is never read.
src/pages/QRScanner.tsx(2,58): error TS6133: 'Pill' is declared but its value is never read.
src/pages/QRScanner.tsx(2,64): error TS6133: 'Stethoscope' is declared but its value is never read.
